Case #1:
Impossible
Case #2:
c.*
Case #3:
c.
.*
Case #4:
c...
....
....
....
....
****
****
Case #5:
c...******
....******
....******
...*******
...*******
**********
**********
**********
**********
**********
