Case #1: BAD
Case #2: GOOD
Case #3: GOOD
Case #4: GOOD
Case #5: BAD
Case #6: BAD
Case #7: BAD
Case #8: BAD
Case #9: GOOD
Case #10: BAD
Case #11: BAD
Case #12: BAD
Case #13: GOOD
Case #14: BAD
Case #15: BAD
Case #16: BAD
Case #17: BAD
Case #18: GOOD
Case #19: BAD
Case #20: GOOD
Case #21: GOOD
Case #22: GOOD
Case #23: BAD
Case #24: BAD
Case #25: BAD
Case #26: GOOD
Case #27: GOOD
Case #28: GOOD
Case #29: GOOD
Case #30: GOOD
Case #31: GOOD
Case #32: GOOD
Case #33: BAD
Case #34: GOOD
Case #35: BAD
Case #36: GOOD
Case #37: BAD
Case #38: GOOD
Case #39: GOOD
Case #40: BAD
Case #41: BAD
Case #42: BAD
Case #43: BAD
Case #44: GOOD
Case #45: GOOD
Case #46: GOOD
Case #47: BAD
Case #48: BAD
Case #49: BAD
Case #50: GOOD
Case #51: GOOD
Case #52: GOOD
Case #53: BAD
Case #54: GOOD
Case #55: BAD
Case #56: BAD
Case #57: BAD
Case #58: GOOD
Case #59: BAD
Case #60: BAD
Case #61: GOOD
Case #62: GOOD
Case #63: GOOD
Case #64: GOOD
Case #65: BAD
Case #66: GOOD
Case #67: BAD
Case #68: GOOD
Case #69: GOOD
Case #70: BAD
Case #71: GOOD
Case #72: GOOD
Case #73: GOOD
Case #74: GOOD
Case #75: BAD
Case #76: GOOD
Case #77: GOOD
Case #78: GOOD
Case #79: GOOD
Case #80: BAD
Case #81: BAD
Case #82: BAD
Case #83: GOOD
Case #84: BAD
Case #85: GOOD
Case #86: GOOD
Case #87: BAD
Case #88: GOOD
Case #89: GOOD
Case #90: BAD
Case #91: GOOD
Case #92: BAD
Case #93: BAD
Case #94: BAD
Case #95: BAD
Case #96: GOOD
Case #97: GOOD
Case #98: GOOD
Case #99: GOOD
Case #100: GOOD
Case #101: GOOD
Case #102: GOOD
Case #103: GOOD
Case #104: GOOD
Case #105: BAD
Case #106: GOOD
Case #107: BAD
Case #108: GOOD
Case #109: GOOD
Case #110: BAD
Case #111: BAD
Case #112: GOOD
Case #113: GOOD
Case #114: GOOD
Case #115: BAD
Case #116: GOOD
Case #117: GOOD
Case #118: BAD
Case #119: BAD
Case #120: BAD
