Case #1: BAD
Case #2: GOOD
Case #3: BAD
Case #4: GOOD
Case #5: BAD
Case #6: GOOD
Case #7: GOOD
Case #8: BAD
Case #9: GOOD
Case #10: BAD
Case #11: BAD
Case #12: BAD
Case #13: BAD
Case #14: BAD
Case #15: BAD
Case #16: GOOD
Case #17: BAD
Case #18: GOOD
Case #19: BAD
Case #20: BAD
Case #21: GOOD
Case #22: GOOD
Case #23: BAD
Case #24: BAD
Case #25: GOOD
Case #26: BAD
Case #27: BAD
Case #28: BAD
Case #29: GOOD
Case #30: GOOD
Case #31: GOOD
Case #32: GOOD
Case #33: GOOD
Case #34: GOOD
Case #35: BAD
Case #36: GOOD
Case #37: BAD
Case #38: GOOD
Case #39: GOOD
Case #40: BAD
Case #41: GOOD
Case #42: GOOD
Case #43: BAD
Case #44: GOOD
Case #45: GOOD
Case #46: GOOD
Case #47: GOOD
Case #48: GOOD
Case #49: GOOD
Case #50: BAD
Case #51: BAD
Case #52: GOOD
Case #53: GOOD
Case #54: GOOD
Case #55: BAD
Case #56: GOOD
Case #57: GOOD
Case #58: GOOD
Case #59: BAD
Case #60: GOOD
Case #61: BAD
Case #62: BAD
Case #63: BAD
Case #64: BAD
Case #65: GOOD
Case #66: GOOD
Case #67: GOOD
Case #68: GOOD
Case #69: BAD
Case #70: GOOD
Case #71: GOOD
Case #72: GOOD
Case #73: BAD
Case #74: GOOD
Case #75: GOOD
Case #76: BAD
Case #77: GOOD
Case #78: BAD
Case #79: BAD
Case #80: BAD
Case #81: BAD
Case #82: GOOD
Case #83: BAD
Case #84: GOOD
Case #85: BAD
Case #86: GOOD
Case #87: GOOD
Case #88: GOOD
Case #89: BAD
Case #90: BAD
Case #91: GOOD
Case #92: BAD
Case #93: BAD
Case #94: BAD
Case #95: GOOD
Case #96: BAD
Case #97: BAD
Case #98: GOOD
Case #99: BAD
Case #100: GOOD
Case #101: BAD
Case #102: GOOD
Case #103: GOOD
Case #104: GOOD
Case #105: GOOD
Case #106: BAD
Case #107: GOOD
Case #108: GOOD
Case #109: GOOD
Case #110: GOOD
Case #111: BAD
Case #112: BAD
Case #113: GOOD
Case #114: BAD
Case #115: GOOD
Case #116: GOOD
Case #117: GOOD
Case #118: GOOD
Case #119: GOOD
Case #120: GOOD
