Case #1: BAD
Case #2: BAD
Case #3: GOOD
Case #4: GOOD
Case #5: GOOD
Case #6: BAD
Case #7: GOOD
Case #8: GOOD
Case #9: BAD
Case #10: BAD
Case #11: GOOD
Case #12: BAD
Case #13: BAD
Case #14: BAD
Case #15: BAD
Case #16: GOOD
Case #17: BAD
Case #18: GOOD
Case #19: GOOD
Case #20: BAD
Case #21: GOOD
Case #22: BAD
Case #23: GOOD
Case #24: GOOD
Case #25: BAD
Case #26: GOOD
Case #27: GOOD
Case #28: BAD
Case #29: BAD
Case #30: BAD
Case #31: BAD
Case #32: GOOD
Case #33: BAD
Case #34: BAD
Case #35: GOOD
Case #36: BAD
Case #37: BAD
Case #38: BAD
Case #39: GOOD
Case #40: BAD
Case #41: GOOD
Case #42: BAD
Case #43: GOOD
Case #44: GOOD
Case #45: BAD
Case #46: BAD
Case #47: BAD
Case #48: GOOD
Case #49: BAD
Case #50: BAD
Case #51: BAD
Case #52: BAD
Case #53: BAD
Case #54: BAD
Case #55: BAD
Case #56: BAD
Case #57: BAD
Case #58: BAD
Case #59: GOOD
Case #60: GOOD
Case #61: BAD
Case #62: GOOD
Case #63: GOOD
Case #64: GOOD
Case #65: BAD
Case #66: GOOD
Case #67: BAD
Case #68: GOOD
Case #69: GOOD
Case #70: GOOD
Case #71: GOOD
Case #72: GOOD
Case #73: BAD
Case #74: BAD
Case #75: BAD
Case #76: BAD
Case #77: BAD
Case #78: BAD
Case #79: BAD
Case #80: GOOD
Case #81: BAD
Case #82: BAD
Case #83: BAD
Case #84: BAD
Case #85: BAD
Case #86: GOOD
Case #87: GOOD
Case #88: BAD
Case #89: BAD
Case #90: GOOD
Case #91: BAD
Case #92: BAD
Case #93: BAD
Case #94: BAD
Case #95: BAD
Case #96: BAD
Case #97: GOOD
Case #98: GOOD
Case #99: GOOD
Case #100: GOOD
Case #101: BAD
Case #102: GOOD
Case #103: BAD
Case #104: BAD
Case #105: BAD
Case #106: GOOD
Case #107: BAD
Case #108: BAD
Case #109: BAD
Case #110: GOOD
Case #111: BAD
Case #112: BAD
Case #113: GOOD
Case #114: BAD
Case #115: BAD
Case #116: BAD
Case #117: GOOD
Case #118: BAD
Case #119: GOOD
Case #120: BAD
