Case #1: BAD
Case #2: GOOD
Case #3: BAD
Case #4: GOOD
Case #5: BAD
Case #6: GOOD
Case #7: BAD
Case #8: BAD
Case #9: BAD
Case #10: BAD
Case #11: GOOD
Case #12: GOOD
Case #13: BAD
Case #14: BAD
Case #15: BAD
Case #16: BAD
Case #17: BAD
Case #18: BAD
Case #19: BAD
Case #20: BAD
Case #21: BAD
Case #22: BAD
Case #23: BAD
Case #24: BAD
Case #25: BAD
Case #26: BAD
Case #27: GOOD
Case #28: BAD
Case #29: GOOD
Case #30: BAD
Case #31: BAD
Case #32: GOOD
Case #33: GOOD
Case #34: GOOD
Case #35: BAD
Case #36: GOOD
Case #37: GOOD
Case #38: BAD
Case #39: GOOD
Case #40: GOOD
Case #41: GOOD
Case #42: BAD
Case #43: BAD
Case #44: BAD
Case #45: GOOD
Case #46: BAD
Case #47: BAD
Case #48: BAD
Case #49: BAD
Case #50: BAD
Case #51: BAD
Case #52: BAD
Case #53: BAD
Case #54: GOOD
Case #55: GOOD
Case #56: GOOD
Case #57: BAD
Case #58: GOOD
Case #59: GOOD
Case #60: BAD
Case #61: GOOD
Case #62: GOOD
Case #63: BAD
Case #64: GOOD
Case #65: BAD
Case #66: BAD
Case #67: GOOD
Case #68: GOOD
Case #69: GOOD
Case #70: BAD
Case #71: BAD
Case #72: BAD
Case #73: BAD
Case #74: BAD
Case #75: BAD
Case #76: BAD
Case #77: BAD
Case #78: BAD
Case #79: GOOD
Case #80: GOOD
Case #81: GOOD
Case #82: BAD
Case #83: BAD
Case #84: BAD
Case #85: BAD
Case #86: GOOD
Case #87: BAD
Case #88: GOOD
Case #89: BAD
Case #90: BAD
Case #91: BAD
Case #92: BAD
Case #93: BAD
Case #94: BAD
Case #95: BAD
Case #96: GOOD
Case #97: BAD
Case #98: BAD
Case #99: GOOD
Case #100: GOOD
Case #101: GOOD
Case #102: BAD
Case #103: BAD
Case #104: GOOD
Case #105: BAD
Case #106: BAD
Case #107: GOOD
Case #108: BAD
Case #109: BAD
Case #110: BAD
Case #111: BAD
Case #112: GOOD
Case #113: GOOD
Case #114: BAD
Case #115: BAD
Case #116: BAD
Case #117: BAD
Case #118: BAD
Case #119: GOOD
Case #120: BAD
