Case #1: GOOD
Case #2: BAD
Case #3: BAD
Case #4: BAD
Case #5: BAD
Case #6: BAD
Case #7: BAD
Case #8: BAD
Case #9: BAD
Case #10: BAD
Case #11: BAD
Case #12: BAD
Case #13: BAD
Case #14: BAD
Case #15: GOOD
Case #16: BAD
Case #17: BAD
Case #18: BAD
Case #19: BAD
Case #20: BAD
Case #21: GOOD
Case #22: BAD
Case #23: BAD
Case #24: BAD
Case #25: BAD
Case #26: BAD
Case #27: BAD
Case #28: BAD
Case #29: BAD
Case #30: GOOD
Case #31: BAD
Case #32: BAD
Case #33: BAD
Case #34: GOOD
Case #35: BAD
Case #36: BAD
Case #37: BAD
Case #38: GOOD
Case #39: GOOD
Case #40: BAD
Case #41: BAD
Case #42: BAD
Case #43: BAD
Case #44: BAD
Case #45: BAD
Case #46: BAD
Case #47: BAD
Case #48: BAD
Case #49: GOOD
Case #50: BAD
Case #51: BAD
Case #52: GOOD
Case #53: BAD
Case #54: BAD
Case #55: BAD
Case #56: BAD
Case #57: BAD
Case #58: BAD
Case #59: BAD
Case #60: GOOD
Case #61: BAD
Case #62: BAD
Case #63: BAD
Case #64: BAD
Case #65: BAD
Case #66: GOOD
Case #67: GOOD
Case #68: BAD
Case #69: BAD
Case #70: BAD
Case #71: BAD
Case #72: BAD
Case #73: BAD
Case #74: BAD
Case #75: BAD
Case #76: BAD
Case #77: BAD
Case #78: BAD
Case #79: BAD
Case #80: BAD
Case #81: BAD
Case #82: GOOD
Case #83: BAD
Case #84: GOOD
Case #85: BAD
Case #86: GOOD
Case #87: BAD
Case #88: BAD
Case #89: BAD
Case #90: GOOD
Case #91: GOOD
Case #92: BAD
Case #93: BAD
Case #94: BAD
Case #95: BAD
Case #96: BAD
Case #97: BAD
Case #98: BAD
Case #99: BAD
Case #100: BAD
