Case #1: GOOD
Case #2: GOOD
Case #3: GOOD
Case #4: BAD
Case #5: GOOD
Case #6: BAD
Case #7: GOOD
Case #8: GOOD
Case #9: GOOD
Case #10: GOOD
Case #11: GOOD
Case #12: BAD
Case #13: GOOD
Case #14: GOOD
Case #15: GOOD
Case #16: GOOD
Case #17: GOOD
Case #18: BAD
Case #19: BAD
Case #20: BAD
Case #21: GOOD
Case #22: GOOD
Case #23: GOOD
Case #24: BAD
Case #25: GOOD
Case #26: GOOD
Case #27: GOOD
Case #28: GOOD
Case #29: GOOD
Case #30: GOOD
Case #31: GOOD
Case #32: GOOD
Case #33: GOOD
Case #34: BAD
Case #35: GOOD
Case #36: GOOD
Case #37: GOOD
Case #38: GOOD
Case #39: GOOD
Case #40: GOOD
Case #41: GOOD
Case #42: GOOD
Case #43: GOOD
Case #44: GOOD
Case #45: GOOD
Case #46: GOOD
Case #47: GOOD
Case #48: BAD
Case #49: BAD
Case #50: BAD
Case #51: GOOD
Case #52: GOOD
Case #53: GOOD
Case #54: GOOD
Case #55: BAD
Case #56: GOOD
Case #57: GOOD
Case #58: GOOD
Case #59: GOOD
Case #60: BAD
Case #61: GOOD
Case #62: GOOD
Case #63: GOOD
Case #64: GOOD
Case #65: GOOD
Case #66: GOOD
Case #67: BAD
Case #68: GOOD
Case #69: GOOD
Case #70: GOOD
Case #71: GOOD
Case #72: BAD
Case #73: GOOD
Case #74: BAD
Case #75: GOOD
Case #76: GOOD
Case #77: GOOD
Case #78: GOOD
Case #79: BAD
Case #80: GOOD
Case #81: BAD
Case #82: GOOD
Case #83: GOOD
Case #84: GOOD
Case #85: BAD
Case #86: GOOD
Case #87: GOOD
Case #88: BAD
Case #89: GOOD
Case #90: BAD
Case #91: BAD
Case #92: GOOD
Case #93: BAD
Case #94: BAD
Case #95: BAD
Case #96: GOOD
Case #97: BAD
Case #98: GOOD
Case #99: GOOD
Case #100: GOOD
